// Jest Snapshot v1, https://goo.gl/fbAQLP

exports[`firebase Active remote config by Appkey: depor.android 1`] = `"{\\"auth_oauth\\":\\"disabled\\",\\"interstitial_home\\":\\"enabled\\",\\"category_filter\\":\\"{\\\\\\"blacklist\\\\\\":{\\\\\\"link-M8VGH671510M59XRHTM9RCEBHR\\\\\\":\\\\\\"ultimas-noticias\\\\\\",\\\\\\"link-EQ855NA75531QEP65VRV0RGV1M\\\\\\":\\\\\\"portada\\\\\\"},\\\\\\"whitelist\\\\\\":{\\\\\\"link-H2UWFWUQ712HB883Q5DEXFEC6C\\\\\\":\\\\\\"/tecnologia-e-sports\\\\\\",\\\\\\"link-UNUC2AP10H0HFA9V3HM4YAZE84\\\\\\":\\\\\\"https://elcomercio.pe/blogs/\\\\\\",\\\\\\"link-9YQN2G2D6T7YDDCN8ZQCD4TM7M\\\\\\":\\\\\\"https://elcomercio.pe/las-mas-leidas/\\\\\\"}}\\",\\"default_categories\\":\\"[{\\\\\\"ad\\\\\\":\\\\\\"principal\\\\\\",\\\\\\"key\\\\\\":\\\\\\"portada\\\\\\",\\\\\\"label\\\\\\":\\\\\\"Portada\\\\\\",\\\\\\"path\\\\\\":\\\\\\"/category/portada\\\\\\",\\\\\\"type\\\\\\":\\\\\\"category\\\\\\"},{\\\\\\"ad\\\\\\":\\\\\\"default\\\\\\",\\\\\\"key\\\\\\":\\\\\\"ultimo\\\\\\",\\\\\\"label\\\\\\":\\\\\\"Lo Último\\\\\\",\\\\\\"path\\\\\\":\\\\\\"/category/ultimo\\\\\\",\\\\\\"type\\\\\\":\\\\\\"category\\\\\\"}]\\",\\"ad_news_list\\":\\"{\\\\\\"free\\\\\\":{\\\\\\"positions\\\\\\":[1,7,13,19,25,31,37,43],\\\\\\"size\\\\\\":\\\\\\"mediumRectangle\\\\\\",\\\\\\"sizes\\\\\\":[\\\\\\"mediumRectangle\\\\\\",\\\\\\"largeBanner\\\\\\",\\\\\\"banner\\\\\\"]},\\\\\\"premium\\\\\\":{\\\\\\"positions\\\\\\":[],\\\\\\"size\\\\\\":\\\\\\"banner\\\\\\",\\\\\\"sizes\\\\\\":[\\\\\\"banner\\\\\\"]}}\\"}"`;

exports[`firebase Active remote config by Appkey: depor.ios 1`] = `"{\\"auth_oauth\\":\\"disabled\\",\\"interstitial_home\\":\\"enabled\\",\\"category_filter\\":\\"{\\\\\\"blacklist\\\\\\":{\\\\\\"link-M8VGH671510M59XRHTM9RCEBHR\\\\\\":\\\\\\"ultimas-noticias\\\\\\",\\\\\\"link-EQ855NA75531QEP65VRV0RGV1M\\\\\\":\\\\\\"portada\\\\\\"},\\\\\\"whitelist\\\\\\":{\\\\\\"link-H2UWFWUQ712HB883Q5DEXFEC6C\\\\\\":\\\\\\"/tecnologia-e-sports\\\\\\",\\\\\\"link-UNUC2AP10H0HFA9V3HM4YAZE84\\\\\\":\\\\\\"https://elcomercio.pe/blogs/\\\\\\",\\\\\\"link-9YQN2G2D6T7YDDCN8ZQCD4TM7M\\\\\\":\\\\\\"https://elcomercio.pe/las-mas-leidas/\\\\\\"}}\\",\\"default_categories\\":\\"[{\\\\\\"ad\\\\\\":\\\\\\"principal\\\\\\",\\\\\\"key\\\\\\":\\\\\\"portada\\\\\\",\\\\\\"label\\\\\\":\\\\\\"Portada\\\\\\",\\\\\\"path\\\\\\":\\\\\\"/category/portada\\\\\\",\\\\\\"type\\\\\\":\\\\\\"category\\\\\\"},{\\\\\\"ad\\\\\\":\\\\\\"default\\\\\\",\\\\\\"key\\\\\\":\\\\\\"ultimo\\\\\\",\\\\\\"label\\\\\\":\\\\\\"Lo Último\\\\\\",\\\\\\"path\\\\\\":\\\\\\"/category/ultimo\\\\\\",\\\\\\"type\\\\\\":\\\\\\"category\\\\\\"}]\\",\\"ad_news_list\\":\\"{\\\\\\"free\\\\\\":{\\\\\\"positions\\\\\\":[1,7,13,19,25,31,37,43],\\\\\\"size\\\\\\":\\\\\\"mediumRectangle\\\\\\",\\\\\\"sizes\\\\\\":[\\\\\\"mediumRectangle\\\\\\",\\\\\\"largeBanner\\\\\\",\\\\\\"banner\\\\\\"]},\\\\\\"premium\\\\\\":{\\\\\\"positions\\\\\\":[],\\\\\\"size\\\\\\":\\\\\\"banner\\\\\\",\\\\\\"sizes\\\\\\":[\\\\\\"banner\\\\\\"]}}\\"}"`;

exports[`firebase Active remote config by Appkey: elcomercio.android 1`] = `"{\\"auth_oauth\\":\\"disabled\\",\\"interstitial_home\\":\\"enabled\\",\\"category_filter\\":\\"{\\\\\\"blacklist\\\\\\":{\\\\\\"link-M8VGH671510M59XRHTM9RCEBHR\\\\\\":\\\\\\"ultimas-noticias\\\\\\",\\\\\\"link-EQ855NA75531QEP65VRV0RGV1M\\\\\\":\\\\\\"portada\\\\\\"},\\\\\\"whitelist\\\\\\":{\\\\\\"link-H2UWFWUQ712HB883Q5DEXFEC6C\\\\\\":\\\\\\"/tecnologia-e-sports\\\\\\",\\\\\\"link-UNUC2AP10H0HFA9V3HM4YAZE84\\\\\\":\\\\\\"https://elcomercio.pe/blogs/\\\\\\",\\\\\\"link-9YQN2G2D6T7YDDCN8ZQCD4TM7M\\\\\\":\\\\\\"https://elcomercio.pe/las-mas-leidas/\\\\\\"}}\\",\\"default_categories\\":\\"[{\\\\\\"ad\\\\\\":\\\\\\"principal\\\\\\",\\\\\\"key\\\\\\":\\\\\\"portada\\\\\\",\\\\\\"label\\\\\\":\\\\\\"Portada\\\\\\",\\\\\\"path\\\\\\":\\\\\\"/category/portada\\\\\\",\\\\\\"type\\\\\\":\\\\\\"category\\\\\\"},{\\\\\\"ad\\\\\\":\\\\\\"default\\\\\\",\\\\\\"key\\\\\\":\\\\\\"ultimo\\\\\\",\\\\\\"label\\\\\\":\\\\\\"Lo Último\\\\\\",\\\\\\"path\\\\\\":\\\\\\"/category/ultimo\\\\\\",\\\\\\"type\\\\\\":\\\\\\"category\\\\\\"}]\\",\\"ad_news_list\\":\\"{\\\\\\"free\\\\\\":{\\\\\\"positions\\\\\\":[1,7,13,19,25,31,37,43],\\\\\\"size\\\\\\":\\\\\\"mediumRectangle\\\\\\",\\\\\\"sizes\\\\\\":[\\\\\\"mediumRectangle\\\\\\",\\\\\\"largeBanner\\\\\\",\\\\\\"banner\\\\\\"]},\\\\\\"premium\\\\\\":{\\\\\\"positions\\\\\\":[],\\\\\\"size\\\\\\":\\\\\\"banner\\\\\\",\\\\\\"sizes\\\\\\":[\\\\\\"banner\\\\\\"]}}\\"}"`;

exports[`firebase Active remote config by Appkey: elcomercio.ios 1`] = `"{\\"auth_oauth\\":\\"disabled\\",\\"interstitial_home\\":\\"enabled\\",\\"category_filter\\":\\"{\\\\\\"blacklist\\\\\\":{\\\\\\"link-M8VGH671510M59XRHTM9RCEBHR\\\\\\":\\\\\\"ultimas-noticias\\\\\\",\\\\\\"link-EQ855NA75531QEP65VRV0RGV1M\\\\\\":\\\\\\"portada\\\\\\"},\\\\\\"whitelist\\\\\\":{\\\\\\"link-H2UWFWUQ712HB883Q5DEXFEC6C\\\\\\":\\\\\\"/tecnologia-e-sports\\\\\\",\\\\\\"link-UNUC2AP10H0HFA9V3HM4YAZE84\\\\\\":\\\\\\"https://elcomercio.pe/blogs/\\\\\\",\\\\\\"link-9YQN2G2D6T7YDDCN8ZQCD4TM7M\\\\\\":\\\\\\"https://elcomercio.pe/las-mas-leidas/\\\\\\"}}\\",\\"default_categories\\":\\"[{\\\\\\"ad\\\\\\":\\\\\\"principal\\\\\\",\\\\\\"key\\\\\\":\\\\\\"portada\\\\\\",\\\\\\"label\\\\\\":\\\\\\"Portada\\\\\\",\\\\\\"path\\\\\\":\\\\\\"/category/portada\\\\\\",\\\\\\"type\\\\\\":\\\\\\"category\\\\\\"},{\\\\\\"ad\\\\\\":\\\\\\"default\\\\\\",\\\\\\"key\\\\\\":\\\\\\"ultimo\\\\\\",\\\\\\"label\\\\\\":\\\\\\"Lo Último\\\\\\",\\\\\\"path\\\\\\":\\\\\\"/category/ultimo\\\\\\",\\\\\\"type\\\\\\":\\\\\\"category\\\\\\"}]\\",\\"ad_news_list\\":\\"{\\\\\\"free\\\\\\":{\\\\\\"positions\\\\\\":[1,7,13,19,25,31,37,43],\\\\\\"size\\\\\\":\\\\\\"mediumRectangle\\\\\\",\\\\\\"sizes\\\\\\":[\\\\\\"mediumRectangle\\\\\\",\\\\\\"largeBanner\\\\\\",\\\\\\"banner\\\\\\"]},\\\\\\"premium\\\\\\":{\\\\\\"positions\\\\\\":[],\\\\\\"size\\\\\\":\\\\\\"banner\\\\\\",\\\\\\"sizes\\\\\\":[\\\\\\"banner\\\\\\"]}}\\"}"`;

exports[`firebase Active remote config by Appkey: gestion.android 1`] = `"{\\"auth_oauth\\":\\"disabled\\",\\"interstitial_home\\":\\"enabled\\",\\"category_filter\\":\\"{\\\\\\"blacklist\\\\\\":{\\\\\\"link-M8VGH671510M59XRHTM9RCEBHR\\\\\\":\\\\\\"ultimas-noticias\\\\\\",\\\\\\"link-EQ855NA75531QEP65VRV0RGV1M\\\\\\":\\\\\\"portada\\\\\\"},\\\\\\"whitelist\\\\\\":{\\\\\\"link-H2UWFWUQ712HB883Q5DEXFEC6C\\\\\\":\\\\\\"/tecnologia-e-sports\\\\\\",\\\\\\"link-UNUC2AP10H0HFA9V3HM4YAZE84\\\\\\":\\\\\\"https://elcomercio.pe/blogs/\\\\\\",\\\\\\"link-9YQN2G2D6T7YDDCN8ZQCD4TM7M\\\\\\":\\\\\\"https://elcomercio.pe/las-mas-leidas/\\\\\\"}}\\",\\"default_categories\\":\\"[{\\\\\\"ad\\\\\\":\\\\\\"principal\\\\\\",\\\\\\"key\\\\\\":\\\\\\"portada\\\\\\",\\\\\\"label\\\\\\":\\\\\\"Portada\\\\\\",\\\\\\"path\\\\\\":\\\\\\"/category/portada\\\\\\",\\\\\\"type\\\\\\":\\\\\\"category\\\\\\"},{\\\\\\"ad\\\\\\":\\\\\\"default\\\\\\",\\\\\\"key\\\\\\":\\\\\\"ultimo\\\\\\",\\\\\\"label\\\\\\":\\\\\\"Lo Último\\\\\\",\\\\\\"path\\\\\\":\\\\\\"/category/ultimo\\\\\\",\\\\\\"type\\\\\\":\\\\\\"category\\\\\\"}]\\",\\"ad_news_list\\":\\"{\\\\\\"free\\\\\\":{\\\\\\"positions\\\\\\":[1,7,13,19,25,31,37,43],\\\\\\"size\\\\\\":\\\\\\"mediumRectangle\\\\\\",\\\\\\"sizes\\\\\\":[\\\\\\"mediumRectangle\\\\\\",\\\\\\"largeBanner\\\\\\",\\\\\\"banner\\\\\\"]},\\\\\\"premium\\\\\\":{\\\\\\"positions\\\\\\":[],\\\\\\"size\\\\\\":\\\\\\"banner\\\\\\",\\\\\\"sizes\\\\\\":[\\\\\\"banner\\\\\\"]}}\\"}"`;

exports[`firebase Active remote config by Appkey: gestion.ios 1`] = `"{\\"auth_oauth\\":\\"disabled\\",\\"interstitial_home\\":\\"enabled\\",\\"category_filter\\":\\"{\\\\\\"blacklist\\\\\\":{\\\\\\"link-M8VGH671510M59XRHTM9RCEBHR\\\\\\":\\\\\\"ultimas-noticias\\\\\\",\\\\\\"link-EQ855NA75531QEP65VRV0RGV1M\\\\\\":\\\\\\"portada\\\\\\"},\\\\\\"whitelist\\\\\\":{\\\\\\"link-H2UWFWUQ712HB883Q5DEXFEC6C\\\\\\":\\\\\\"/tecnologia-e-sports\\\\\\",\\\\\\"link-UNUC2AP10H0HFA9V3HM4YAZE84\\\\\\":\\\\\\"https://elcomercio.pe/blogs/\\\\\\",\\\\\\"link-9YQN2G2D6T7YDDCN8ZQCD4TM7M\\\\\\":\\\\\\"https://elcomercio.pe/las-mas-leidas/\\\\\\"}}\\",\\"default_categories\\":\\"[{\\\\\\"ad\\\\\\":\\\\\\"principal\\\\\\",\\\\\\"key\\\\\\":\\\\\\"portada\\\\\\",\\\\\\"label\\\\\\":\\\\\\"Portada\\\\\\",\\\\\\"path\\\\\\":\\\\\\"/category/portada\\\\\\",\\\\\\"type\\\\\\":\\\\\\"category\\\\\\"},{\\\\\\"ad\\\\\\":\\\\\\"default\\\\\\",\\\\\\"key\\\\\\":\\\\\\"ultimo\\\\\\",\\\\\\"label\\\\\\":\\\\\\"Lo Último\\\\\\",\\\\\\"path\\\\\\":\\\\\\"/category/ultimo\\\\\\",\\\\\\"type\\\\\\":\\\\\\"category\\\\\\"}]\\",\\"ad_news_list\\":\\"{\\\\\\"free\\\\\\":{\\\\\\"positions\\\\\\":[1,7,13,19,25,31,37,43],\\\\\\"size\\\\\\":\\\\\\"mediumRectangle\\\\\\",\\\\\\"sizes\\\\\\":[\\\\\\"mediumRectangle\\\\\\",\\\\\\"largeBanner\\\\\\",\\\\\\"banner\\\\\\"]},\\\\\\"premium\\\\\\":{\\\\\\"positions\\\\\\":[],\\\\\\"size\\\\\\":\\\\\\"banner\\\\\\",\\\\\\"sizes\\\\\\":[\\\\\\"banner\\\\\\"]}}\\"}"`;

exports[`firebase Active remote config by Appkey: peru21.android 1`] = `"{\\"auth_oauth\\":\\"disabled\\",\\"interstitial_home\\":\\"enabled\\",\\"category_filter\\":\\"{\\\\\\"blacklist\\\\\\":{\\\\\\"link-M8VGH671510M59XRHTM9RCEBHR\\\\\\":\\\\\\"ultimas-noticias\\\\\\",\\\\\\"link-EQ855NA75531QEP65VRV0RGV1M\\\\\\":\\\\\\"portada\\\\\\"},\\\\\\"whitelist\\\\\\":{\\\\\\"link-H2UWFWUQ712HB883Q5DEXFEC6C\\\\\\":\\\\\\"/tecnologia-e-sports\\\\\\",\\\\\\"link-UNUC2AP10H0HFA9V3HM4YAZE84\\\\\\":\\\\\\"https://elcomercio.pe/blogs/\\\\\\",\\\\\\"link-9YQN2G2D6T7YDDCN8ZQCD4TM7M\\\\\\":\\\\\\"https://elcomercio.pe/las-mas-leidas/\\\\\\"}}\\",\\"default_categories\\":\\"[{\\\\\\"ad\\\\\\":\\\\\\"principal\\\\\\",\\\\\\"key\\\\\\":\\\\\\"portada\\\\\\",\\\\\\"label\\\\\\":\\\\\\"Portada\\\\\\",\\\\\\"path\\\\\\":\\\\\\"/category/portada\\\\\\",\\\\\\"type\\\\\\":\\\\\\"category\\\\\\"},{\\\\\\"ad\\\\\\":\\\\\\"default\\\\\\",\\\\\\"key\\\\\\":\\\\\\"ultimo\\\\\\",\\\\\\"label\\\\\\":\\\\\\"Lo Último\\\\\\",\\\\\\"path\\\\\\":\\\\\\"/category/ultimo\\\\\\",\\\\\\"type\\\\\\":\\\\\\"category\\\\\\"}]\\",\\"ad_news_list\\":\\"{\\\\\\"free\\\\\\":{\\\\\\"positions\\\\\\":[1,7,13,19,25,31,37,43],\\\\\\"size\\\\\\":\\\\\\"mediumRectangle\\\\\\",\\\\\\"sizes\\\\\\":[\\\\\\"mediumRectangle\\\\\\",\\\\\\"largeBanner\\\\\\",\\\\\\"banner\\\\\\"]},\\\\\\"premium\\\\\\":{\\\\\\"positions\\\\\\":[],\\\\\\"size\\\\\\":\\\\\\"banner\\\\\\",\\\\\\"sizes\\\\\\":[\\\\\\"banner\\\\\\"]}}\\"}"`;

exports[`firebase Active remote config by Appkey: peru21.ios 1`] = `"{\\"auth_oauth\\":\\"disabled\\",\\"interstitial_home\\":\\"enabled\\",\\"category_filter\\":\\"{\\\\\\"blacklist\\\\\\":{\\\\\\"link-M8VGH671510M59XRHTM9RCEBHR\\\\\\":\\\\\\"ultimas-noticias\\\\\\",\\\\\\"link-EQ855NA75531QEP65VRV0RGV1M\\\\\\":\\\\\\"portada\\\\\\"},\\\\\\"whitelist\\\\\\":{\\\\\\"link-H2UWFWUQ712HB883Q5DEXFEC6C\\\\\\":\\\\\\"/tecnologia-e-sports\\\\\\",\\\\\\"link-UNUC2AP10H0HFA9V3HM4YAZE84\\\\\\":\\\\\\"https://elcomercio.pe/blogs/\\\\\\",\\\\\\"link-9YQN2G2D6T7YDDCN8ZQCD4TM7M\\\\\\":\\\\\\"https://elcomercio.pe/las-mas-leidas/\\\\\\"}}\\",\\"default_categories\\":\\"[{\\\\\\"ad\\\\\\":\\\\\\"principal\\\\\\",\\\\\\"key\\\\\\":\\\\\\"portada\\\\\\",\\\\\\"label\\\\\\":\\\\\\"Portada\\\\\\",\\\\\\"path\\\\\\":\\\\\\"/category/portada\\\\\\",\\\\\\"type\\\\\\":\\\\\\"category\\\\\\"},{\\\\\\"ad\\\\\\":\\\\\\"default\\\\\\",\\\\\\"key\\\\\\":\\\\\\"ultimo\\\\\\",\\\\\\"label\\\\\\":\\\\\\"Lo Último\\\\\\",\\\\\\"path\\\\\\":\\\\\\"/category/ultimo\\\\\\",\\\\\\"type\\\\\\":\\\\\\"category\\\\\\"}]\\",\\"ad_news_list\\":\\"{\\\\\\"free\\\\\\":{\\\\\\"positions\\\\\\":[1,7,13,19,25,31,37,43],\\\\\\"size\\\\\\":\\\\\\"mediumRectangle\\\\\\",\\\\\\"sizes\\\\\\":[\\\\\\"mediumRectangle\\\\\\",\\\\\\"largeBanner\\\\\\",\\\\\\"banner\\\\\\"]},\\\\\\"premium\\\\\\":{\\\\\\"positions\\\\\\":[],\\\\\\"size\\\\\\":\\\\\\"banner\\\\\\",\\\\\\"sizes\\\\\\":[\\\\\\"banner\\\\\\"]}}\\"}"`;

exports[`firebase Active remote config by Appkey: trome.android 1`] = `"{\\"auth_oauth\\":\\"disabled\\",\\"interstitial_home\\":\\"enabled\\",\\"category_filter\\":\\"{\\\\\\"blacklist\\\\\\":{\\\\\\"link-M8VGH671510M59XRHTM9RCEBHR\\\\\\":\\\\\\"ultimas-noticias\\\\\\",\\\\\\"link-EQ855NA75531QEP65VRV0RGV1M\\\\\\":\\\\\\"portada\\\\\\"},\\\\\\"whitelist\\\\\\":{\\\\\\"link-H2UWFWUQ712HB883Q5DEXFEC6C\\\\\\":\\\\\\"/tecnologia-e-sports\\\\\\",\\\\\\"link-UNUC2AP10H0HFA9V3HM4YAZE84\\\\\\":\\\\\\"https://elcomercio.pe/blogs/\\\\\\",\\\\\\"link-9YQN2G2D6T7YDDCN8ZQCD4TM7M\\\\\\":\\\\\\"https://elcomercio.pe/las-mas-leidas/\\\\\\"}}\\",\\"default_categories\\":\\"[{\\\\\\"ad\\\\\\":\\\\\\"principal\\\\\\",\\\\\\"key\\\\\\":\\\\\\"portada\\\\\\",\\\\\\"label\\\\\\":\\\\\\"Portada\\\\\\",\\\\\\"path\\\\\\":\\\\\\"/category/portada\\\\\\",\\\\\\"type\\\\\\":\\\\\\"category\\\\\\"},{\\\\\\"ad\\\\\\":\\\\\\"default\\\\\\",\\\\\\"key\\\\\\":\\\\\\"ultimo\\\\\\",\\\\\\"label\\\\\\":\\\\\\"Lo Último\\\\\\",\\\\\\"path\\\\\\":\\\\\\"/category/ultimo\\\\\\",\\\\\\"type\\\\\\":\\\\\\"category\\\\\\"}]\\",\\"ad_news_list\\":\\"{\\\\\\"free\\\\\\":{\\\\\\"positions\\\\\\":[1,7,13,19,25,31,37,43],\\\\\\"size\\\\\\":\\\\\\"mediumRectangle\\\\\\",\\\\\\"sizes\\\\\\":[\\\\\\"mediumRectangle\\\\\\",\\\\\\"largeBanner\\\\\\",\\\\\\"banner\\\\\\"]},\\\\\\"premium\\\\\\":{\\\\\\"positions\\\\\\":[],\\\\\\"size\\\\\\":\\\\\\"banner\\\\\\",\\\\\\"sizes\\\\\\":[\\\\\\"banner\\\\\\"]}}\\"}"`;

exports[`firebase Active remote config by Appkey: trome.ios 1`] = `"{\\"auth_oauth\\":\\"disabled\\",\\"interstitial_home\\":\\"enabled\\",\\"category_filter\\":\\"{\\\\\\"blacklist\\\\\\":{\\\\\\"link-M8VGH671510M59XRHTM9RCEBHR\\\\\\":\\\\\\"ultimas-noticias\\\\\\",\\\\\\"link-EQ855NA75531QEP65VRV0RGV1M\\\\\\":\\\\\\"portada\\\\\\"},\\\\\\"whitelist\\\\\\":{\\\\\\"link-H2UWFWUQ712HB883Q5DEXFEC6C\\\\\\":\\\\\\"/tecnologia-e-sports\\\\\\",\\\\\\"link-UNUC2AP10H0HFA9V3HM4YAZE84\\\\\\":\\\\\\"https://elcomercio.pe/blogs/\\\\\\",\\\\\\"link-9YQN2G2D6T7YDDCN8ZQCD4TM7M\\\\\\":\\\\\\"https://elcomercio.pe/las-mas-leidas/\\\\\\"}}\\",\\"default_categories\\":\\"[{\\\\\\"ad\\\\\\":\\\\\\"principal\\\\\\",\\\\\\"key\\\\\\":\\\\\\"portada\\\\\\",\\\\\\"label\\\\\\":\\\\\\"Portada\\\\\\",\\\\\\"path\\\\\\":\\\\\\"/category/portada\\\\\\",\\\\\\"type\\\\\\":\\\\\\"category\\\\\\"},{\\\\\\"ad\\\\\\":\\\\\\"default\\\\\\",\\\\\\"key\\\\\\":\\\\\\"ultimo\\\\\\",\\\\\\"label\\\\\\":\\\\\\"Lo Último\\\\\\",\\\\\\"path\\\\\\":\\\\\\"/category/ultimo\\\\\\",\\\\\\"type\\\\\\":\\\\\\"category\\\\\\"}]\\",\\"ad_news_list\\":\\"{\\\\\\"free\\\\\\":{\\\\\\"positions\\\\\\":[1,7,13,19,25,31,37,43],\\\\\\"size\\\\\\":\\\\\\"mediumRectangle\\\\\\",\\\\\\"sizes\\\\\\":[\\\\\\"mediumRectangle\\\\\\",\\\\\\"largeBanner\\\\\\",\\\\\\"banner\\\\\\"]},\\\\\\"premium\\\\\\":{\\\\\\"positions\\\\\\":[],\\\\\\"size\\\\\\":\\\\\\"banner\\\\\\",\\\\\\"sizes\\\\\\":[\\\\\\"banner\\\\\\"]}}\\"}"`;
