// Jest Snapshot v1, https://goo.gl/fbAQLP

exports[`Placeholder component should match with her snapshot 1`] = `
<RNCSafeAreaProvider
  onInsetsChange={[Function]}
  style={
    Array [
      Object {
        "flex": 1,
      },
      undefined,
    ]
  }
>
  <View
    style={
      Array [
        Object {
          "alignItems": "center",
          "backgroundColor": "#E5E5E5",
          "display": "flex",
          "height": "100%",
          "justifyContent": "center",
          "width": "100%",
        },
      ]
    }
  >
    <SvgMock
      fill="#000"
      fillOpacity={0.2}
      height={80}
      width={100}
    />
  </View>
</RNCSafeAreaProvider>
`;
